next_error (scalar value too large) = (0, _, "scalar value too large in UTF8 sequence")
